[debug] [2025-12-20T11:33:30.092Z] ----------------------------------------------------------------------
[debug] [2025-12-20T11:33:30.098Z] Command:       /Users/keonta/.nvm/versions/node/v22.18.0/bin/node /Users/keonta/.nvm/versions/node/v22.18.0/bin/firebase deploy --only hosting --non-interactive
[debug] [2025-12-20T11:33:30.098Z] CLI Version:   14.14.0
[debug] [2025-12-20T11:33:30.099Z] Platform:      darwin
[debug] [2025-12-20T11:33:30.099Z] Node Version:  v22.18.0
[debug] [2025-12-20T11:33:30.099Z] Time:          Sat Dec 20 2025 06:33:30 GMT-0500 (Eastern Standard Time)
[debug] [2025-12-20T11:33:30.100Z] ----------------------------------------------------------------------
[debug] 
[debug] [2025-12-20T11:33:30.103Z] >>> [apiv2][query] GET https://firebase-public.firebaseio.com/cli.json [none]
[debug] [2025-12-20T11:33:30.459Z] > command requires scopes: ["email","openid","https://www.googleapis.com/auth/cloudplatformprojects.readonly","https://www.googleapis.com/auth/firebase","https://www.googleapis.com/auth/cloud-platform"]
[debug] [2025-12-20T11:33:30.460Z] > authorizing via signed-in user (keontapeat@pitchme.tech)
[debug] [2025-12-20T11:33:30.460Z] [iam] checking project mychannel-ca26d for permissions ["firebase.projects.get","firebasehosting.sites.update"]
[debug] [2025-12-20T11:33:30.461Z] Checked if tokens are valid: false, expires at: 1764247436117
[debug] [2025-12-20T11:33:30.461Z] Checked if tokens are valid: false, expires at: 1764247436117
[debug] [2025-12-20T11:33:30.461Z] > refreshing access token with scopes: []
[debug] [2025-12-20T11:33:30.463Z] >>> [apiv2][query] POST https://www.googleapis.com/oauth2/v3/token [none]
[debug] [2025-12-20T11:33:30.463Z] >>> [apiv2][body] POST https://www.googleapis.com/oauth2/v3/token [omitted]
[debug] [2025-12-20T11:33:30.587Z] <<< [apiv2][status] GET https://firebase-public.firebaseio.com/cli.json 200
[debug] [2025-12-20T11:33:30.587Z] <<< [apiv2][body] GET https://firebase-public.firebaseio.com/cli.json {"cloudBuildErrorAfter":1594252800000,"cloudBuildWarnAfter":1590019200000,"defaultNode10After":1594252800000,"minVersion":"3.0.5","node8DeploysDisabledAfter":1613390400000,"node8RuntimeDisabledAfter":1615809600000,"node8WarnAfter":1600128000000}
[debug] [2025-12-20T11:33:30.808Z] <<< [apiv2][status] POST https://www.googleapis.com/oauth2/v3/token 400
[debug] [2025-12-20T11:33:30.809Z] <<< [apiv2][body] POST https://www.googleapis.com/oauth2/v3/token [omitted]
[error] Authentication Error: Your credentials are no longer valid. Please run firebase login --reauth

For CI servers and headless environments, generate a new token with firebase login:ci
[error] Authentication Error: Your credentials are no longer valid. Please run firebase login --reauth

For CI servers and headless environments, generate a new token with firebase login:ci
[debug] [2025-12-20T11:33:30.809Z] [iam] error while checking permissions, command may fail: Authentication Error: Your credentials are no longer valid. Please run firebase login --reauth

For CI servers and headless environments, generate a new token with firebase login:ci
[debug] [2025-12-20T11:33:30.810Z] Checked if tokens are valid: false, expires at: 1764247436117
[debug] [2025-12-20T11:33:30.810Z] Checked if tokens are valid: false, expires at: 1764247436117
[debug] [2025-12-20T11:33:30.810Z] > refreshing access token with scopes: []
[debug] [2025-12-20T11:33:30.811Z] >>> [apiv2][query] POST https://www.googleapis.com/oauth2/v3/token [none]
[debug] [2025-12-20T11:33:30.811Z] >>> [apiv2][body] POST https://www.googleapis.com/oauth2/v3/token [omitted]
[debug] [2025-12-20T11:33:31.280Z] <<< [apiv2][status] POST https://www.googleapis.com/oauth2/v3/token 400
[debug] [2025-12-20T11:33:31.281Z] <<< [apiv2][body] POST https://www.googleapis.com/oauth2/v3/token [omitted]
[error] Authentication Error: Your credentials are no longer valid. Please run firebase login --reauth

For CI servers and headless environments, generate a new token with firebase login:ci
[error] Authentication Error: Your credentials are no longer valid. Please run firebase login --reauth

For CI servers and headless environments, generate a new token with firebase login:ci
[debug] [2025-12-20T11:33:31.281Z] Authentication Error: Your credentials are no longer valid. Please run firebase login --reauth

For CI servers and headless environments, generate a new token with firebase login:ci
[error] 
[error] Error: Assertion failed: resolving hosting target of a site with no site name or target name. This should have caused an error earlier
